F1 PLAN COMPLIANCE AUDIT
========================
Audit target: .omo/plans/fix-9-qa-issues.md
Audit scope: issue coverage (#165-#173), todo metadata, placeholder scan
Browser use: none (Playwright was not used)
Code edits: none (only the requested plan wording and this evidence log)

VERDICT: APPROVE

CHECK 1 - Issue coverage
------------------------
Result: PASS
All nine issue IDs #165-#173 map to at least one implementation todo:
  #165 -> todo 3
  #166 -> todos 7, 8
  #167 -> todo 1
  #168 -> todo 2
  #169 -> todos 9, 10
  #170 -> todo 11
  #171 -> todo 4
  #172 -> todo 5
  #173 -> todo 6

CHECK 2 - Todo metadata
-----------------------
Result: PASS
The plan contains 11 implementation todos. Every todo has all required
fields: References, Acceptance criteria, QA scenarios, Commit.
  todo 1: refs=yes acceptance=yes QA=yes commit=yes
  todo 2: refs=yes acceptance=yes QA=yes commit=yes
  todo 3: refs=yes acceptance=yes QA=yes commit=yes
  todo 4: refs=yes acceptance=yes QA=yes commit=yes
  todo 5: refs=yes acceptance=yes QA=yes commit=yes
  todo 6: refs=yes acceptance=yes QA=yes commit=yes
  todo 7: refs=yes acceptance=yes QA=yes commit=yes
  todo 8: refs=yes acceptance=yes QA=yes commit=yes
  todo 9: refs=yes acceptance=yes QA=yes commit=yes
  todo 10: refs=yes acceptance=yes QA=yes commit=yes
  todo 11: refs=yes acceptance=yes QA=yes commit=yes

CHECK 3 - Placeholder scan
--------------------------
Result: PASS
Parser input excludes HTML comments, then scans for unresolved angle-bracket
tokens. No unresolved tokens remain in the plan.
  line 21: concrete machine TL;DR present
  line 27: grade-report-STUDENT-DATE.pdf/.csv
  line 30: https://APP-HOST/verify/STUDENT-UID?src=id_card
  line 41: npm run test -- grades.spec.ts
  line 42: task-N.log/png
  line 116: grade-report-ANA-CRUZ-20260921.csv/.pdf
  line 123: https://APP-HOST/verify/STUDENT-UID?src=id_card
  line 125: executor locates retained
  line 134: /verify/STUDENT-UID and error placeholder retained

INPUT HISTORY
-------------
Command read: git log --oneline -20
a70a5a6 feat(id): scannable qr card without fake barcode
17a7911 test(id): record scannable qr card QA
5d1a480 feat(grades): csv-pdf export toggle
389bdf8 fix(sidebar): tween width transition with reduced-motion
b519061 fix(lesson): gate grounding evidence behind staff view
4cde86c feat(id): qr payload contract and qrcode dep
a7d7a4f test(lesson): record grounding evidence
98b66fd feat(grades): lazy pdf export util with autotable
c131203 test(grades): record lazy pdf export QA evidence
83bbf2c fix(notifications): mark-all-read covers legacy docs with chunked race-safe rollback
0ca6ecd fix(teacher): derive class counts live and drop stale ratchet
47de7b8 fix(notifications): panel above battle layer and portal-aware outside-click
391b12a test(battle): record profile refresh QA evidence
54e0686 chore: remove unrelated notification changes from battle commit
cdd032e fix(notifications): mark-all-read covers legacy docs with chunked race-safe rollback
30361bb fix(battle): refresh profile XP on match completed
eb7d911 fix(journey): persist lesson completion with fallback subject id
d3ab2d9 fix(battle): refetch expired bot rounds from poll backstop
5b10696 fix(rag): typed inference errors with 502 taxonomy
1c0ffb2 fix(battle): block stale submits after timer expiry

The plan retains issue coverage, todo metadata, acceptance criteria, QA
scenarios, references, and commit strategy; only placeholder wording changed.
